python : .F.
At line:1 char:1
+ python c:\Users\galan\task
_formation\test_complementar
ity_analyzer.py ...
+ ~~~~~~~~~~~~~~~~~~~~~~~~~~
~~~~~~~~~~~~~~~~~~~~~~~~~~~~
~~~~~~~~~~~~~~~
    + CategoryInfo          
    : NotSpecified: (.F.:S  
  tring) [], RemoteExcept   
 ion
    + FullyQualifiedErrorId 
    : NativeCommandError
 
============================
============================
==============
FAIL: test_non_obvious_syner
gy_detection (__main__.TestC
omplementarityAnalyzer.test_
non_obvious_synergy_detectio
n)
----------------------------
----------------------------
--------------
Traceback (most recent call 
last):
  File "c:\Users\galan\task_
formation\test_complementari
ty_analyzer.py", line 104, 
in test_non_obvious_synergy_
detection
    self.assertIsNotNone(bac
kend_foundation_pair)
    ~~~~~~~~~~~~~~~~~~~~^^^^
^^^^^^^^^^^^^^^^^^^^^
AssertionError: 
unexpectedly None

----------------------------
----------------------------
--------------
Ran 3 tests in 0.002s

FAILED (failures=1)
Base score: 0.356462, With positive history: 0.622712
Frontend + Backend Complementarity: 0.356462
Frontend + Frontend Complementarity: 0.157721
